// Jest Snapshot v1, https://goo.gl/fbAQLP

exports[`Pruebas en <TodoListItem/> Debe de mostrarse correctamente 1`] = `
<li
  className="list-group-item d-flex align-items-center justify-content-between"
>
  <p
    className="m-0 todos"
    onClick={[Function]}
  >
    1
     . 
    Aprender React
  </p>
  <Button
    active={false}
    disabled={false}
    onClick={[Function]}
    variant="danger"
  >
    Borrar
  </Button>
</li>
`;
