// Jest Snapshot v1, https://goo.gl/fbAQLP

exports[`Pruebas en <GifGrid/> Debe mostrar correctamente el componente 1`] = `
<Fragment>
  <h3>
    Charmander
  </h3>
  <p
    className="animate__animatedanimate__flash"
  >
    Loading...
  </p>
  <div
    className="card-grid"
  />
</Fragment>
`;
